// Jest Snapshot v1, https://goo.gl/fbAQLP

exports[`<MDBJumbotron /> component tests match snapshot 1`] = `ShallowWrapper {}`;
