// Jest Snapshot v1, https://goo.gl/fbAQLP

exports[`<MDBPills /> component tests match snapshot 1`] = `ShallowWrapper {}`;
