// Jest Snapshot v1, https://goo.gl/fbAQLP

exports[`<Links /> component tests match snapshot 1`] = `ShallowWrapper {}`;
