// Jest Snapshot v1, https://goo.gl/fbAQLP

exports[`<Navigation /> component tests match snapshot 1`] = `ShallowWrapper {}`;
